// Jest Snapshot v1, https://goo.gl/fbAQLP

exports[`<App /> displays entry to widget 1`] = `
<div
  className="sc-bdVaJa ldkUXY"
>
  <div
    className="ui header"
  >
    WAB Widget
  </div>
  <div
    className="ui segment"
  >
    <h3>
      WAB
    </h3>
  </div>
</div>
`;
