// Jest Snapshot v1, https://goo.gl/fbAQLP

exports[`<MyComponent /> renders main component without error 1`] = `
<div
  class="sc-bdVaJa ldkUXY"
>
  <div
    class="ui header"
  >
    Hello
  </div>
  <div
    class="ui segment"
  >
    <h3>
      WAB
    </h3>
    <h5>
      Widget Open
    </h5>
  </div>
  <div
    class="sc-bwzfXH gXWnte"
  >
    Version: 
  </div>
</div>
`;
